// Jest Snapshot v1, https://goo.gl/fbAQLP

exports[`Snapshot match 1`] = `
<main>
  <ThemedBanner
    composeTheme="deeply"
    imageSrc="/themes/wipro/home/banner.jpg"
    link={
      Object {
        "title": "Compete Now",
        "url": "challenges",
      }
    }
    mapThemrProps={[Function]}
    text="Wipro's Hybrid Crowd gives our vast ecosystem of customers and partners options to access new range of skills that provide new value services and efficiency options all over the world."
    theme={Object {}}
    title="Wipro Crowd"
  />
  <Connect(GroupStatsContainer) />
  <Connect(JoinCommunity) />
  <ThemedSection
    composeTheme="deeply"
    link={null}
    mapThemrProps={[Function]}
    theme={
      Object {
        "container": "src-shared-components-tc-communities-communities-demo-expert-Home-___style__linksContainer___15dON",
      }
    }
    title={null}
  >
    <div>
      <ThemedImageText
        composeTheme="deeply"
        imageSrc="/themes/wipro/home/image-text-learn.jpg"
        link={
          Object {
            "title": "Start Learning",
            "url": "learn",
          }
        }
        mapThemrProps={[Function]}
        text="Our continuously evolving structured learning paths, constantly abreast of the latest, tailored for employees to deepen your knowledge, infuses important software capabilities that are industry specific and help you get the skills you need to succeed."
        theme={Object {}}
        title="Improve Your Skills"
      />
      <ThemedImageText
        composeTheme="deeply"
        imageSrc="/themes/wipro/home/image-text-do.jpg"
        link={
          Object {
            "title": "Start Earning",
            "url": "challenges",
          }
        }
        mapThemrProps={[Function]}
        text="Rewards program is intended to celebrate and recognize your contribution. Rewards for project contributions are given using ‘Reward Points’. Points earned translate into badges. Quarterly rewards are given away to the toppers of all categories."
        theme={Object {}}
        title="Get Involved"
      />
    </div>
  </ThemedSection>
  <ThemedSection
    composeTheme="deeply"
    link={null}
    mapThemrProps={[Function]}
    theme={
      Object {
        "container": "src-shared-components-tc-communities-communities-demo-expert-Home-___style__resourcesContainer___3u3oE",
      }
    }
    title={null}
  >
    <ThemedResourceCard
      composeTheme="deeply"
      icon={[Function]}
      link={
        Object {
          "title": "Browse resources",
          "url": "learn",
        }
      }
      mapThemrProps={[Function]}
      text="Pellentesque non dignissim neque. Nunc vel rhoncus nibh, ut tincidunt turpis. Integer ac enim pellentesque, adipiscing metus id, pharetra odio."
      theme={Object {}}
      title="Up Your iOS and Swift Development Skills"
    />
    <ThemedResourceCard
      composeTheme="deeply"
      icon={[Function]}
      link={
        Object {
          "title": "Learn about badges",
          "url": "leaderboard",
        }
      }
      mapThemrProps={[Function]}
      text="Donec bibendum nunc sit amet tortor scelerisque luctus et sit amet mauris. Suspendisse felis sem, condimentum ullamcorper est sit amet, molestie"
      theme={Object {}}
      title="Take the First Steps to Stand Out in the Community"
    />
    <ThemedResourceCard
      composeTheme="deeply"
      icon={[Function]}
      link={
        Object {
          "title": "Browse challenges",
          "url": "challenges",
        }
      }
      mapThemrProps={[Function]}
      text="Suspendisse felis sem, condimentum ullamcorper est sit amet, molestie mollis nulla. Etiam lorem orci, consequat ac magna quis, facilisis"
      theme={Object {}}
      title="Compete in Challenges and Win Cash"
    />
  </ThemedSection>
  <NewsSection
    news={Array []}
  />
  <ThemedNewsletterSignup
    buttonText="Sign Up"
    composeTheme="deeply"
    emailPlaceholder="Email address"
    imageSrc="/themes/wipro/subscribe-bg.jpg"
    mapThemrProps={[Function]}
    text="Don’t miss out on the latest Topcoder IOS challenges and information!"
    theme={Object {}}
    title="Sign up for our newsletter"
  />
</main>
`;
